JAVA_HOME

C:\ProgramData\Oracle\Java\javapath

to start the zookeeper server

D:\rajesh\kafka_2.12-2.3.1>bin\windows\zookeeper-server-start.bat config\zookeeper.properties

to start kafka server

D:\rajesh\kafka_2.12-2.3.1>bin\windows\kafka-server-start.bat config\server.properties

to create topic

D:\rajesh\kafka_2.12-2.3.1\bin\windows>kafka-topics.bat --create --topic first-topic --partitions 4 --replication-factor 1 --zookeeper localhost:2181

Useful Commands

List Topics

kafka-topics.bat --list --zookeeper localhost:2181

Create Topic

kafka-topics.bat --create --topic first-topic --partitions 4 --replication-factor 3 --zookeeper localhost:2181

kafka-topics.bat --create --topic account-topic --partitions 5 --replication-factor 1 --zookeeper localhost:2181

Describe Topic

kafka-topics.bat --describe --zookeeper localhost:2181 --topic [Topic Name]

kafka-topics.bat --describe --zookeeper localhost:2181 --topic first-topic

kafka-topics.bat --alter --topic account-topic --partitions 5 --zookeeper localhost:2181

D:\rajesh\kafka_2.12-2.3.1\bin\windows>kafka-topics.bat --create --topic account-topic --partitions 5 --replication-factor 1 --zookeeper localhost:2181
Created topic account-topic.

D:\rajesh\kafka_2.12-2.3.1\bin\windows>kafka-topics.bat --list --zookeeper localhost:2181
__consumer_offsets
account-topic
first-topic

D:\rajesh\kafka_2.12-2.3.1\bin\windows>kafka-topics.bat --describe --zookeeper localhost:2181 --topic account-topic

D:\rajesh\kafka_2.12-2.3.1\bin\windows>kafka-topics.bat --describe --zookeeper localhost:2181 --topic first-topic

D:\rajesh\kafka_2.12-2.3.1\bin\windows>kafka-console-producer.bat --topic first-topic --broker-list localhost:9092
>Hello World!!!

D:\rajesh\kafka_2.12-2.3.1\bin\windows>kafka-console-consumer.bat --topic first-topic --bootstrap-server localhost:9092
Hello World!!!

kafka-console-consumer.bat --topic first-topic --bootstrap-server localhost:9092

kafka-console-producer.bat --topic account-topic --broker-list localhost:9092

kafka-console-consumer.bat --topic account-topic --bootstrap-server localhost:9092

Read messages from the beginning: 

kafka-console-consumer.bat --zookeeper localhost:2181 --topic [Topic Name] --from-beginning

kafka-console-consumer.bat --zookeeper localhost:2181 --topic first-topic --from-beginning

Delete Topic: 

kafka-run-class.bat kafka.admin.TopicCommand --delete --topic [topic_to_delete] --zookeeper localhost:2181

kafka-run-class.bat kafka.admin.TopicCommand --delete --topic first-topic --zookeeper localhost:2181

kafka-console-producer.bat --topic first-topic --broker-list localhost:9092

kafka-console-consumer.bat --group group-1 --topic first-topic --property print.key=true --bootstrap-server localhost:9092

kafka-console-consumer.bat --topic first-topic --bootstrap-server localhost:9092 --partition 0

kafka-console-consumer.bat --group test-group --topic first-topic --bootstrap-server localhost:9092 --property print.key=true

https://paste.ubuntu.com/p/qdKjWK5XZy/

6th generation

windows@123

We have Received your Get SMS request for PNR Number : 6137426162 You will shortly receive Booking SMS on your mobile number : 7993911050

We have Received your Get SMS request for PNR Number : 6137426162 You will shortly receive Booking SMS on your mobile number : 

7993911050

D:\rajesh\kafka_2.12-2.3.1\bin\windows>kafka-console-consumer.bat --help
This tool helps to read data from Kafka topics and outputs it to standard output.
Option                                   Description
------                                   -----------
--bootstrap-server <String: server to    REQUIRED: The server(s) to connect to.
  connect to>
--consumer-property <String:             A mechanism to pass user-defined
  consumer_prop>                           properties in the form key=value to
                                           the consumer.
--consumer.config <String: config file>  Consumer config properties file. Note
                                           that [consumer-property] takes
                                           precedence over this config.
--enable-systest-events                  Log lifecycle events of the consumer
                                           in addition to logging consumed
                                           messages. (This is specific for
                                           system tests.)
--formatter <String: class>              The name of a class to use for
                                           formatting kafka messages for
                                           display. (default: kafka.tools.
                                           DefaultMessageFormatter)
--from-beginning                         If the consumer does not already have
                                           an established offset to consume
                                           from, start with the earliest
                                           message present in the log rather
                                           than the latest message.
--group <String: consumer group id>      The consumer group id of the consumer.
--help                                   Print usage information.
--isolation-level <String>               Set to read_committed in order to
                                           filter out transactional messages
                                           which are not committed. Set to
                                           read_uncommittedto read all
                                           messages. (default: read_uncommitted)
--key-deserializer <String:
  deserializer for key>
--max-messages <Integer: num_messages>   The maximum number of messages to
                                           consume before exiting. If not set,
                                           consumption is continual.
--offset <String: consume offset>        The offset id to consume from (a non-
                                           negative number), or 'earliest'
                                           which means from beginning, or
                                           'latest' which means from end
                                           (default: latest)
--partition <Integer: partition>         The partition to consume from.
                                           Consumption starts from the end of
                                           the partition unless '--offset' is
                                           specified.
--property <String: prop>                The properties to initialize the
                                           message formatter. Default
                                           properties include:
        print.
                                           timestamp=true|false
        print.
                                           key=true|false
        print.
                                           value=true|false
        key.separator=<key.
                                           separator>
        line.separator=<line.
                                           separator>
        key.deserializer=<key.
                                           deserializer>
        value.
                                           deserializer=<value.deserializer>
                                           Users can also pass in customized
                                           properties for their formatter; more
                                           specifically, users can pass in
                                           properties keyed with 'key.
                                           deserializer.' and 'value.
                                           deserializer.' prefixes to configure
                                           their deserializers.
--skip-message-on-error                  If there is an error when processing a
                                           message, skip it instead of halt.
--timeout-ms <Integer: timeout_ms>       If specified, exit if no message is
                                           available for consumption for the
                                           specified interval.
--topic <String: topic>                  The topic id to consume on.
--value-deserializer <String:
  deserializer for values>
--version                                Display Kafka version.
--whitelist <String: whitelist>          Regular expression specifying
                                           whitelist of topics to include for
                                           consumption.
										   
										   

\\192.168.20.93\oracle

